// Jest Snapshot v1, https://goo.gl/fbAQLP

exports[`transforms class properties: class properties 1`] = `
"var _classCallCheck = require(\\"@babel/runtime/helpers/classCallCheck\\");

var A = function A() {
  _classCallCheck(this, A);

  Object.defineProperty(this, \\"a\\", {
    configurable: true,
    enumerable: true,
    writable: true,
    value: function value() {
      return 'hello';
    }
  });
};"
`;

exports[`transforms decorators legacy: decorators legacy 1`] = `
"var _classCallCheck = require(\\"@babel/runtime/helpers/classCallCheck\\");

var _class;

var A = decorated(_class = function A() {
  _classCallCheck(this, A);
}) || _class;"
`;

exports[`transforms flow: flow 1`] = `"var a = 'hello';"`;

exports[`transforms object rest spread: object rest spread 1`] = `
"var _extends = require(\\"@babel/runtime/helpers/extends\\");

var b = _extends({}, a);"
`;

exports[`transforms react: react 1`] = `
"var A = function A() {
  return React.createElement(\\"div\\", null, \\"hello\\");
};"
`;
